EXPECTED_SOURCE ui/src/pages/chat/attachment-payload-store.ts c960e934438de4f69cfeb6194b5791443724057b
EXPECTED_SOURCE ui/src/pages/chat/composer-persistence.ts 0ce0cec6f67744b7ad6d42e5189e017e352d7363
EXPECTED_SOURCE ui/src/pages/chat/durable-composer-persistence.ts 49ef5569601720eb1f72167ca0bd75d12fe7ca0e
EXPECTED_SOURCE ui/src/pages/new-session/draft-persistence.ts 6252e223616cdf8c0814479a3628225b3741c62c
EXPECTED_SOURCE ui/src/pages/new-session/draft-submission-flow.ts 4981b629901cde15ec73cb9c6da83fce3811d935
BROWSER 153.0.8010.12 persistent
SERVED_SOURCE ui/src/pages/new-session/draft-submission-flow.ts 4981b629901cde15ec73cb9c6da83fce3811d935
SERVED_SOURCE ui/src/pages/chat/composer-persistence.ts 0ce0cec6f67744b7ad6d42e5189e017e352d7363
SERVED_SOURCE ui/src/pages/new-session/draft-persistence.ts 6252e223616cdf8c0814479a3628225b3741c62c
SERVED_SOURCE ui/src/pages/new-session/gateway-name-discovery.ts e22ad046119e210361a563f283d24c183cc402e2
SERVED_SOURCE ui/src/pages/chat/attachment-payload-store.ts c960e934438de4f69cfeb6194b5791443724057b
SERVED_SOURCE ui/src/pages/chat/durable-composer-persistence.ts 49ef5569601720eb1f72167ca0bd75d12fe7ca0e
NORMAL_LOGIN_READY
STYLES_READY 30
4:21:03 AM [vite] ws proxy error:
Error: write EPIPE
    at afterWriteDispatched (node:internal/stream_base_commons:159:15)
    at writeGeneric (node:internal/stream_base_commons:150:3)
    at Socket._writeGeneric (node:net:1171:11)
    at Socket._write (node:net:1183:8)
    at writeOrBuffer (node:internal/streams/writable:570:12)
    at _write (node:internal/streams/writable:499:10)
    at Writable.write (node:internal/streams/writable:508:10)
    at Socket.ondata (node:internal/streams/readable:1012:24)
    at Socket.emit (node:events:509:28)
    at addChunk (node:internal/streams/readable:563:12)
4:21:03 AM [vite] ws proxy socket error:
Error: write EPIPE
    at afterWriteDispatched (node:internal/stream_base_commons:159:15)
    at writeGeneric (node:internal/stream_base_commons:150:3)
    at Socket._writeGeneric (node:net:1171:11)
    at Socket._write (node:net:1183:8)
    at writeOrBuffer (node:internal/streams/writable:570:12)
    at _write (node:internal/streams/writable:499:10)
    at Writable.write (node:internal/streams/writable:508:10)
    at Socket.ondata (node:internal/streams/readable:1012:24)
    at Socket.emit (node:events:509:28)
    at addChunk (node:internal/streams/readable:563:12)
UPLOAD_READ {
  variant: 'after',
  route: 'new',
  kind: 'delete',
  n: 3,
  sourceDeleted: true
}
RESULT {"events":["source-deleted:4034.300000011921","put:3:4273.699999988079","commit"],"text":"Skip to main content\nC3-PO\nPAGES\nHome\nAgents\nDashboards\nSystems\nAutomations\nPlugins\nONLINE\nDU\nShared owner\nCounts may be out of date. Retry\nSESSIONS\nDU\nDemo User\nConnected\n1 inbox item\n1\nC3-PO\n\nPick where this session works, then say what to do.\n\nDemo Gateway\nworkspace-dev\nNo models available\nWhat can you do?\nSummarize my recent sessions\nHelp me configure a channel\nCheck system health"}
